sdjfoiajsdfiojaiodfoij
